exports[`CARD should match the Card snapshot 1`] = `
ShallowWrapper {
  "length": 1,
  Symbol(enzyme.__root__): [Circular],
  Symbol(enzyme.__unrendered__): <Card
    allData={
        Object {
            "2004": 0.24,
          }
    }
    compare={[Function]}
    location="COLORADO" />,
  Symbol(enzyme.__renderer__): Object {
    "batchedUpdates": [Function],
    "getNode": [Function],
    "render": [Function],
    "simulateEvent": [Function],
    "unmount": [Function],
  },
  Symbol(enzyme.__node__): Object {
    "instance": null,
    "key": null,
    "nodeType": "host",
    "props": Object {
      "children": <div>
        <div
                className="top-of-card">
                <h3
                        className="district">
                        COLORADO
                </h3>
                <button
                        className="compare-btn"
                        onClick={[Function]}>
                        Compare
                </button>
        </div>
        <ul
                className="list">
                <List
                        data={
                                Object {
                                        "2004": 0.24,
                                      }
                        } />
        </ul>
</div>,
      "className": "card",
    },
    "ref": null,
    "rendered": Object {
      "instance": null,
      "key": null,
      "nodeType": "host",
      "props": Object {
        "children": Array [
          <div
            className="top-of-card">
            <h3
                        className="district">
                        COLORADO
            </h3>
            <button
                        className="compare-btn"
                        onClick={[Function]}>
                        Compare
            </button>
</div>,
          <ul
            className="list">
            <List
                        data={
                                    Object {
                                                "2004": 0.24,
                                              }
                        } />
</ul>,
        ],
      },
      "ref": null,
      "rendered": Array [
        Object {
          "instance": null,
          "key": null,
          "nodeType": "host",
          "props": Object {
            "children": Array [
              <h3
                className="district">
                COLORADO
</h3>,
              <button
                className="compare-btn"
                onClick={[Function]}>
                Compare
</button>,
            ],
            "className": "top-of-card",
          },
          "ref": null,
          "rendered": Array [
            Object {
              "instance": null,
              "key": null,
              "nodeType": "host",
              "props": Object {
                "children": "COLORADO",
                "className": "district",
              },
              "ref": null,
              "rendered": "COLORADO",
              "type": "h3",
            },
            Object {
              "instance": null,
              "key": null,
              "nodeType": "host",
              "props": Object {
                "children": "Compare",
                "className": "compare-btn",
                "onClick": [Function],
              },
              "ref": null,
              "rendered": "Compare",
              "type": "button",
            },
          ],
          "type": "div",
        },
        Object {
          "instance": null,
          "key": null,
          "nodeType": "host",
          "props": Object {
            "children": <List
              data={
                            Object {
                                          "2004": 0.24,
                                        }
              } />,
            "className": "list",
          },
          "ref": null,
          "rendered": Object {
            "instance": null,
            "key": null,
            "nodeType": "function",
            "props": Object {
              "data": Object {
                "2004": 0.24,
              },
            },
            "ref": null,
            "rendered": null,
            "type": [Function],
          },
          "type": "ul",
        },
      ],
      "type": "div",
    },
    "type": "div",
  },
  Symbol(enzyme.__nodes__): Array [
    Object {
      "instance": null,
      "key": null,
      "nodeType": "host",
      "props": Object {
        "children": <div>
          <div
                    className="top-of-card">
                    <h3
                              className="district">
                              COLORADO
                    </h3>
                    <button
                              className="compare-btn"
                              onClick={[Function]}>
                              Compare
                    </button>
          </div>
          <ul
                    className="list">
                    <List
                              data={
                                        Object {
                                                  "2004": 0.24,
                                                }
                              } />
          </ul>
</div>,
        "className": "card",
      },
      "ref": null,
      "rendered": Object {
        "instance": null,
        "key": null,
        "nodeType": "host",
        "props": Object {
          "children": Array [
            <div
              className="top-of-card">
              <h3
                            className="district">
                            COLORADO
              </h3>
              <button
                            className="compare-btn"
                            onClick={[Function]}>
                            Compare
              </button>
</div>,
            <ul
              className="list">
              <List
                            data={
                                          Object {
                                                        "2004": 0.24,
                                                      }
                            } />
</ul>,
          ],
        },
        "ref": null,
        "rendered": Array [
          Object {
            "instance": null,
            "key": null,
            "nodeType": "host",
            "props": Object {
              "children": Array [
                <h3
                  className="district">
                  COLORADO
</h3>,
                <button
                  className="compare-btn"
                  onClick={[Function]}>
                  Compare
</button>,
              ],
              "className": "top-of-card",
            },
            "ref": null,
            "rendered": Array [
              Object {
                "instance": null,
                "key": null,
                "nodeType": "host",
                "props": Object {
                  "children": "COLORADO",
                  "className": "district",
                },
                "ref": null,
                "rendered": "COLORADO",
                "type": "h3",
              },
              Object {
                "instance": null,
                "key": null,
                "nodeType": "host",
                "props": Object {
                  "children": "Compare",
                  "className": "compare-btn",
                  "onClick": [Function],
                },
                "ref": null,
                "rendered": "Compare",
                "type": "button",
              },
            ],
            "type": "div",
          },
          Object {
            "instance": null,
            "key": null,
            "nodeType": "host",
            "props": Object {
              "children": <List
                data={
                                Object {
                                                "2004": 0.24,
                                              }
                } />,
              "className": "list",
            },
            "ref": null,
            "rendered": Object {
              "instance": null,
              "key": null,
              "nodeType": "function",
              "props": Object {
                "data": Object {
                  "2004": 0.24,
                },
              },
              "ref": null,
              "rendered": null,
              "type": [Function],
            },
            "type": "ul",
          },
        ],
        "type": "div",
      },
      "type": "div",
    },
  ],
  Symbol(enzyme.__options__): Object {
    "adapter": ReactFifteenAdapter {
      "options": Object {
        "supportPrevContextArgumentOfComponentDidUpdate": true,
      },
    },
  },
}
`;
