exports[`LIST should match the List snapshot 1`] = `
ShallowWrapper {
  "length": 1,
  Symbol(enzyme.__root__): [Circular],
  Symbol(enzyme.__unrendered__): <List
    data={
        Object {
            "2004": 0.24,
          }
    } />,
  Symbol(enzyme.__renderer__): Object {
    "batchedUpdates": [Function],
    "getNode": [Function],
    "render": [Function],
    "simulateEvent": [Function],
    "unmount": [Function],
  },
  Symbol(enzyme.__node__): Object {
    "instance": null,
    "key": null,
    "nodeType": "host",
    "props": Object {
      "children": Array [
        <section
          className="info-container">
          <span
                    className="data">
                    0.24
          </span>
          <span
                    className="year">
                    2004
          </span>
</section>,
      ],
    },
    "ref": null,
    "rendered": Array [
      Object {
        "instance": null,
        "key": "2004",
        "nodeType": "host",
        "props": Object {
          "children": Array [
            <span
              className="data">
              0.24
</span>,
            <span
              className="year">
              2004
</span>,
          ],
          "className": "info-container",
        },
        "ref": null,
        "rendered": Array [
          Object {
            "instance": null,
            "key": null,
            "nodeType": "host",
            "props": Object {
              "children": 0.24,
              "className": "data",
            },
            "ref": null,
            "rendered": 0.24,
            "type": "span",
          },
          Object {
            "instance": null,
            "key": null,
            "nodeType": "host",
            "props": Object {
              "children": "2004",
              "className": "year",
            },
            "ref": null,
            "rendered": "2004",
            "type": "span",
          },
        ],
        "type": "section",
      },
    ],
    "type": "div",
  },
  Symbol(enzyme.__nodes__): Array [
    Object {
      "instance": null,
      "key": null,
      "nodeType": "host",
      "props": Object {
        "children": Array [
          <section
            className="info-container">
            <span
                        className="data">
                        0.24
            </span>
            <span
                        className="year">
                        2004
            </span>
</section>,
        ],
      },
      "ref": null,
      "rendered": Array [
        Object {
          "instance": null,
          "key": "2004",
          "nodeType": "host",
          "props": Object {
            "children": Array [
              <span
                className="data">
                0.24
</span>,
              <span
                className="year">
                2004
</span>,
            ],
            "className": "info-container",
          },
          "ref": null,
          "rendered": Array [
            Object {
              "instance": null,
              "key": null,
              "nodeType": "host",
              "props": Object {
                "children": 0.24,
                "className": "data",
              },
              "ref": null,
              "rendered": 0.24,
              "type": "span",
            },
            Object {
              "instance": null,
              "key": null,
              "nodeType": "host",
              "props": Object {
                "children": "2004",
                "className": "year",
              },
              "ref": null,
              "rendered": "2004",
              "type": "span",
            },
          ],
          "type": "section",
        },
      ],
      "type": "div",
    },
  ],
  Symbol(enzyme.__options__): Object {
    "adapter": ReactFifteenAdapter {
      "options": Object {
        "supportPrevContextArgumentOfComponentDidUpdate": true,
      },
    },
  },
}
`;
